"Terjadi kesalahan: Undefined array key "parent_email"" // tests\Feature\UserControllerTest.php:89
